// Jest Snapshot v1, https://goo.gl/fbAQLP

exports[`removeDescription Should remove description 1`] = `
"type Query {
  f: String
}"
`;
